[0;93m2026-09-30 15:39:11.041972581 [W:onnxruntime:Default, telemetry.cc:800 operator()] Failed to persist telemetry device ID; using an in-memory identifier[m
2026-09-30 15:39:15.354 | INFO     | mineru.backend.analysis.pdf.window:_log_processing_window_plan:129 - Hybrid processing-window run. page_count=6, window_size=64, total_windows=1
2026-09-30 15:39:16.529 | INFO     | mineru.backend.analysis.pdf.window:_log_processing_window:137 - Hybrid processing window 1/1: pages 1-6/6 (6 pages)
Layout Predict:   0%|          | 0/6 [00:00<?, ?it/s]Layout Predict:  33%|███▎      | 2/6 [00:02<00:04,  1.16s/it]Layout Predict:  67%|██████▋   | 4/6 [00:04<00:02,  1.10s/it]Layout Predict: 100%|██████████| 6/6 [00:06<00:00,  1.08s/it]Layout Predict: 100%|██████████| 6/6 [00:06<00:00,  1.09s/it]
OCR-det:   0%|          | 0/33 [00:00<?, ?it/s]OCR-det:   6%|▌         | 2/33 [00:00<00:01, 19.23it/s]OCR-det:  12%|█▏        | 4/33 [00:00<00:02, 12.14it/s]OCR-det:  24%|██▍       | 8/33 [00:00<00:01, 20.78it/s]OCR-det:  67%|██████▋   | 22/33 [00:00<00:00, 56.51it/s]OCR-det:  97%|█████████▋| 32/33 [00:00<00:00, 68.82it/s]OCR-det: 100%|██████████| 33/33 [00:00<00:00, 50.59it/s]
2026-09-30 15:39:23.874 | WARNING  | mineru.backend.analysis.pdf.normalization:_normalize_pdf_model_list:161 - PDF text block normalization: page_idx=1, bbox_fallback=0, dropped=1
2026-09-30 15:39:23.875 | WARNING  | mineru.backend.analysis.pdf.normalization:_normalize_pdf_model_list:161 - PDF text block normalization: page_idx=5, bbox_fallback=0, dropped=1
2026-09-30 15:39:24.034 | INFO     | mineru.backend.analyze:_log_infer_performance:26 - model_list infer finished, file_suffix=pdf, pages=6, cost=8.521844s, speed=0.704 page/s
{
  "book": "Brezis",
  "pages": [
    2,
    3,
    4,
    5,
    6,
    7
  ],
  "seconds": 15.2
}
